{"source":"10.10.10.10","message":"device=fw01|source=10.10.10.10|dest=20.20.20.20|port=80|action=drop|msg=Connnection dropped","type":"checkpoint_log","dest":"20.20.20.20","tags":[],"path":"/mylogs/in.mylog","@timestamp":"2016-12-21T13:30:24.631Z","port":"80","@version":"1","host":"lsnode10","action":"drop","device":"fw01","customer":"MyLogs","msg":"Connnection dropped"}
{"source":"10.10.10.20","message":"device=fw01|source=10.10.10.20|dest=20.20.20.10|port=80|action=accept|msg=Connnection accepted","type":"checkpoint_log","dest":"20.20.20.10","tags":[],"path":"/mylogs/in.mylog","@timestamp":"2016-12-21T13:30:24.638Z","port":"80","@version":"1","host":"lsnode10","action":"accept","device":"fw01","customer":"MyLogs","msg":"Connnection accepted"}
{"source":"10.10.10.30","message":"device=fw01|source=10.10.10.30|dest=20.20.20.20|port=80|action=terminate|msg=Connnection terminated","type":"checkpoint_log","dest":"20.20.20.20","tags":[],"path":"/mylogs/in.mylog","@timestamp":"2016-12-21T13:30:24.640Z","port":"80","@version":"1","host":"lsnode10","action":"terminate","device":"fw01","customer":"MyLogs","msg":"Connnection terminated"}
{"source":"10.10.10.10","message":"device=fw01|source=10.10.10.10|dest=20.20.20.20|port=80|action=drop|msg=Connnection dropped","type":"checkpoint_log","dest":"20.20.20.20","tags":[],"path":"/mylogs/in.mylog","@timestamp":"2016-12-21T13:30:24.631Z","port":"80","@version":"1","host":"lsnode10","action":"drop","device":"fw01","customer":"MyLogs","msg":"Connnection dropped"}
{"source":"10.10.10.20","message":"device=fw01|source=10.10.10.20|dest=20.20.20.10|port=80|action=accept|msg=Connnection accepted","type":"checkpoint_log","dest":"20.20.20.10","tags":[],"path":"/mylogs/in.mylog","@timestamp":"2016-12-21T13:30:24.638Z","port":"80","@version":"1","host":"lsnode10","action":"accept","device":"fw01","customer":"MyLogs","msg":"Connnection accepted"}
{"source":"10.10.10.30","message":"device=fw01|source=10.10.10.30|dest=20.20.20.20|port=80|action=terminate|msg=Connnection terminated","type":"checkpoint_log","dest":"20.20.20.20","tags":[],"path":"/mylogs/in.mylog","@timestamp":"2016-12-21T13:30:24.640Z","port":"80","@version":"1","host":"lsnode10","action":"terminate","device":"fw01","customer":"MyLogs","msg":"Connnection terminated"}
